[
  [
    "06a542f5db7982fdf31e17dbc86f6b1c45d849397720f72e0f37f1573cfaa05c",
    "03603a865566da25bfaf45c889ae8a1a44443a7e06e11e60b2f3ee16cb59663b",
    "06e35815c691ba834cb67dfa911c50e4e7519c88de07477b8fe649989e968ec20038602dd65b33b83016bb5590b7dada46b7a53cb7070621f4328e955586b8fb0000000000000000000000000000000000000000000000000000000000000000"
  ],
  [
    "001eccaa763b70498945e396a0b12ee7e7415e1d43acbf9ea20fc3c235e2b606",
    "020e0595d62339d851e5c748310ba039362db6a3a9ac1f45a3c754fe8f71fc0d",
    "0665e610ab3ddbdc87647f6160f5acc423328338b3d9989336bfde4ef14faa4d07dc083a71adf648360b150eb0cd5c74008c60712203a227f1974034620c5a840000000000000000000000000000000000000000000000000000000000000001"
  ]
]