[
  [
    "44cb601d60ca0895068a0721c2f13e57731299e7cae39687a60d9a86986b1d0d",
    "2849964a8764d98a0390fe1a3d7310e7c2fcd59271c853ad0abb98f45082ce04",
    "2cb8b2583c6967521ca29c8726f41510e2cf1ce42767f74f7da568a006f01e010e358134f5599f2e20062f2cebf117f6e4816acb29d316f1e66d9710d518a504cda897f9f8bb401cff16898024ee1094965723981d0bdf8de25d9962e9079910bcb004d3874597b81daca33613a2206044dc4d3ab46d9e553d701e8a0b028d0f"
  ],
  [
    "fc3ac326063894d6467326b2bcdebf709da3972abee8765e3bcf63d84eeab304",
    "3cb338cdaba33fb943ed822435b0c421b808383387f834e4cedf145218e24f0c",
    "5ea4febd20d3f92a1d5ad99a6062f5b365746d39ac8681edc8d0b6556bdcb801ad7e7645d70feca39e655edcbd04252399ba0f49e2843859756972149863d10245127c2b1444934fa37eb94bf300d6cf01869d104be87dcce636764a1811110f42c9f6183a19aecd1fe171321c7595503e35474e0ce2d36f5cba95d235696109"
  ]
]